// Jest Snapshot v1, https://goo.gl/fbAQLP

exports[`match snapshot 1`] = `
<div
  className="Wrapper"
>
  <div
    className="Container"
  >
    <div
      className="ImgContainer"
    >
      <img
        alt=""
        src="image"
      />
    </div>
    <div
      className="Info"
    >
      <div
        onClick={[Function]}
      >
        <svg
          aria-hidden={true}
          className="MuiSvgIcon-root MuiSvgIcon-fontSizeMedium css-i4bv87-MuiSvgIcon-root"
          data-testid="ShoppingCartOutlinedIcon"
          focusable="false"
          viewBox="0 0 24 24"
        >
          <path
            d="M15.55 13c.75 0 1.41-.41 1.75-1.03l3.58-6.49c.37-.66-.11-1.48-.87-1.48H5.21l-.94-2H1v2h2l3.6 7.59-1.35 2.44C4.52 15.37 5.48 17 7 17h12v-2H7l1.1-2h7.45zM6.16 6h12.15l-2.76 5H8.53L6.16 6zM7 18c-1.1 0-1.99.9-1.99 2S5.9 22 7 22s2-.9 2-2-.9-2-2-2zm10 0c-1.1 0-1.99.9-1.99 2s.89 2 1.99 2 2-.9 2-2-.9-2-2-2z"
          />
        </svg>
      </div>
      <div>
        <a
          className="Link"
          data-testid="item-page-link"
          href="/product/123"
          onClick={[Function]}
        >
          <svg
            aria-hidden={true}
            className="MuiSvgIcon-root MuiSvgIcon-fontSizeMedium css-i4bv87-MuiSvgIcon-root"
            data-testid="SearchOutlinedIcon"
            focusable="false"
            viewBox="0 0 24 24"
          >
            <path
              d="M15.5 14h-.79l-.28-.27C15.41 12.59 16 11.11 16 9.5 16 5.91 13.09 3 9.5 3S3 5.91 3 9.5 5.91 16 9.5 16c1.61 0 3.09-.59 4.23-1.57l.27.28v.79l5 4.99L20.49 19l-4.99-5zm-6 0C7.01 14 5 11.99 5 9.5S7.01 5 9.5 5 14 7.01 14 9.5 11.99 14 9.5 14z"
            />
          </svg>
        </a>
      </div>
    </div>
  </div>
  <div
    className="Title"
  >
    <div
      data-testid="item-title"
    >
      dress
    </div>
    <div
      className="Price"
      data-testid="item-price"
    >
      $
      10
    </div>
  </div>
</div>
`;
